// Jest Snapshot v1, https://goo.gl/fbAQLP

exports[`renders without crashing 1`] = `
ShallowWrapper {
  "length": 1,
  Symbol(enzyme.__root__): [Circular],
  Symbol(enzyme.__unrendered__): <Chart
    stock_levels={
      Array [
        Object {
          "datetime": "test",
          "stock_level": 1,
        },
        Object {
          "datetime": "test",
          "stock_level": 1,
        },
      ]
    }
  />,
  Symbol(enzyme.__renderer__): Object {
    "batchedUpdates": [Function],
    "getNode": [Function],
    "render": [Function],
    "simulateEvent": [Function],
    "unmount": [Function],
  },
  Symbol(enzyme.__node__): Object {
    "instance": null,
    "key": null,
    "nodeType": "host",
    "props": Object {
      "children": <Line
        data={
          Object {
            "datasets": Array [
              Object {
                "backgroundColor": "rgba(75,192,192,0.4)",
                "borderCapStyle": "butt",
                "borderDash": Array [],
                "borderDashOffset": 0,
                "borderJoinStyle": "miter",
                "data": Array [
                  1,
                  1,
                ],
                "fill": false,
                "label": false,
                "lineTension": 0.1,
                "maintainAspectRatio": false,
                "pointBackgroundColor": "#fff",
                "pointBorderColor": "rgba(75,192,192,1)",
                "pointBorderWidth": 1,
                "pointHitRadius": 10,
                "pointHoverBackgroundColor": "rgba(75,192,192,1)",
                "pointHoverBorderColor": "rgba(220,220,220,1)",
                "pointHoverBorderWidth": 2,
                "pointHoverRadius": 5,
                "pointRadius": 1,
                "responsive": true,
              },
            ],
            "labels": Array [
              "Invalid date",
              "Invalid date",
            ],
          }
        }
        height={200}
        options={
          Object {
            "legend": Object {
              "display": false,
            },
            "scales": Object {
              "yAxes": Array [
                Object {
                  "display": false,
                  "gridLines": Object {
                    "drawBorder": false,
                  },
                },
              ],
            },
          }
        }
        width={300}
      />,
      "className": "Chart",
    },
    "ref": null,
    "rendered": Object {
      "instance": null,
      "key": null,
      "nodeType": "class",
      "props": Object {
        "data": Object {
          "datasets": Array [
            Object {
              "backgroundColor": "rgba(75,192,192,0.4)",
              "borderCapStyle": "butt",
              "borderDash": Array [],
              "borderDashOffset": 0,
              "borderJoinStyle": "miter",
              "data": Array [
                1,
                1,
              ],
              "fill": false,
              "label": false,
              "lineTension": 0.1,
              "maintainAspectRatio": false,
              "pointBackgroundColor": "#fff",
              "pointBorderColor": "rgba(75,192,192,1)",
              "pointBorderWidth": 1,
              "pointHitRadius": 10,
              "pointHoverBackgroundColor": "rgba(75,192,192,1)",
              "pointHoverBorderColor": "rgba(220,220,220,1)",
              "pointHoverBorderWidth": 2,
              "pointHoverRadius": 5,
              "pointRadius": 1,
              "responsive": true,
            },
          ],
          "labels": Array [
            "Invalid date",
            "Invalid date",
          ],
        },
        "height": 200,
        "options": Object {
          "legend": Object {
            "display": false,
          },
          "scales": Object {
            "yAxes": Array [
              Object {
                "display": false,
                "gridLines": Object {
                  "drawBorder": false,
                },
              },
            ],
          },
        },
        "width": 300,
      },
      "ref": null,
      "rendered": null,
      "type": [Function],
    },
    "type": "div",
  },
  Symbol(enzyme.__nodes__): Array [
    Object {
      "instance": null,
      "key": null,
      "nodeType": "host",
      "props": Object {
        "children": <Line
          data={
            Object {
              "datasets": Array [
                Object {
                  "backgroundColor": "rgba(75,192,192,0.4)",
                  "borderCapStyle": "butt",
                  "borderDash": Array [],
                  "borderDashOffset": 0,
                  "borderJoinStyle": "miter",
                  "data": Array [
                    1,
                    1,
                  ],
                  "fill": false,
                  "label": false,
                  "lineTension": 0.1,
                  "maintainAspectRatio": false,
                  "pointBackgroundColor": "#fff",
                  "pointBorderColor": "rgba(75,192,192,1)",
                  "pointBorderWidth": 1,
                  "pointHitRadius": 10,
                  "pointHoverBackgroundColor": "rgba(75,192,192,1)",
                  "pointHoverBorderColor": "rgba(220,220,220,1)",
                  "pointHoverBorderWidth": 2,
                  "pointHoverRadius": 5,
                  "pointRadius": 1,
                  "responsive": true,
                },
              ],
              "labels": Array [
                "Invalid date",
                "Invalid date",
              ],
            }
          }
          height={200}
          options={
            Object {
              "legend": Object {
                "display": false,
              },
              "scales": Object {
                "yAxes": Array [
                  Object {
                    "display": false,
                    "gridLines": Object {
                      "drawBorder": false,
                    },
                  },
                ],
              },
            }
          }
          width={300}
        />,
        "className": "Chart",
      },
      "ref": null,
      "rendered": Object {
        "instance": null,
        "key": null,
        "nodeType": "class",
        "props": Object {
          "data": Object {
            "datasets": Array [
              Object {
                "backgroundColor": "rgba(75,192,192,0.4)",
                "borderCapStyle": "butt",
                "borderDash": Array [],
                "borderDashOffset": 0,
                "borderJoinStyle": "miter",
                "data": Array [
                  1,
                  1,
                ],
                "fill": false,
                "label": false,
                "lineTension": 0.1,
                "maintainAspectRatio": false,
                "pointBackgroundColor": "#fff",
                "pointBorderColor": "rgba(75,192,192,1)",
                "pointBorderWidth": 1,
                "pointHitRadius": 10,
                "pointHoverBackgroundColor": "rgba(75,192,192,1)",
                "pointHoverBorderColor": "rgba(220,220,220,1)",
                "pointHoverBorderWidth": 2,
                "pointHoverRadius": 5,
                "pointRadius": 1,
                "responsive": true,
              },
            ],
            "labels": Array [
              "Invalid date",
              "Invalid date",
            ],
          },
          "height": 200,
          "options": Object {
            "legend": Object {
              "display": false,
            },
            "scales": Object {
              "yAxes": Array [
                Object {
                  "display": false,
                  "gridLines": Object {
                    "drawBorder": false,
                  },
                },
              ],
            },
          },
          "width": 300,
        },
        "ref": null,
        "rendered": null,
        "type": [Function],
      },
      "type": "div",
    },
  ],
  Symbol(enzyme.__options__): Object {
    "adapter": ReactSixteenAdapter {
      "options": Object {
        "enableComponentDidUpdateOnSetState": true,
      },
    },
  },
}
`;
