// Jest Snapshot v1, https://goo.gl/fbAQLP

exports[`renders without crashing 1`] = `
ShallowWrapper {
  "length": 1,
  Symbol(enzyme.__root__): [Circular],
  Symbol(enzyme.__unrendered__): <WatchHeader
    watch={
      Object {
        "image": "https://images-na.ssl-images-amazon.com/images/I/413yqVUgjcL._SL160_.jpg",
        "stock_levels": Array [
          Object {
            "datetime": "test",
            "stock_level": 1,
          },
          Object {
            "datetime": "test",
            "stock_level": 1,
          },
        ],
        "title": "LEGO Ideas NASA Apollo Saturn V 21309 Building Kit",
        "url": "https://www.amazon.com/LEGO-Ideas-Apollo-Saturn-Building/dp/B01MUANC80?psc=1&SubscriptionId=AKIAJ57KMBTCZPRJ5I5Q&tag=gilmoreg-20&linkCode=xm2&camp=2025&creative=165953&creativeASIN=B01MUANC80",
      }
    }
  />,
  Symbol(enzyme.__renderer__): Object {
    "batchedUpdates": [Function],
    "getNode": [Function],
    "render": [Function],
    "simulateEvent": [Function],
    "unmount": [Function],
  },
  Symbol(enzyme.__node__): Object {
    "instance": null,
    "key": null,
    "nodeType": "host",
    "props": Object {
      "children": Array [
        <div
          className="thumbnail"
        >
          <a
            href="https://www.amazon.com/LEGO-Ideas-Apollo-Saturn-Building/dp/B01MUANC80?psc=1&SubscriptionId=AKIAJ57KMBTCZPRJ5I5Q&tag=gilmoreg-20&linkCode=xm2&camp=2025&creative=165953&creativeASIN=B01MUANC80"
            rel="noopener noreferrer"
            target="_blank"
            title="LEGO Ideas NASA Apollo Saturn V 21309 Building Kit"
          >
            <img
              alt="LEGO Ideas NASA Apollo Saturn V 21309 Building Kit"
              src="https://images-na.ssl-images-amazon.com/images/I/413yqVUgjcL._SL160_.jpg"
            />
          </a>
        </div>,
        <div
          className="title"
        >
          <a
            href="https://www.amazon.com/LEGO-Ideas-Apollo-Saturn-Building/dp/B01MUANC80?psc=1&SubscriptionId=AKIAJ57KMBTCZPRJ5I5Q&tag=gilmoreg-20&linkCode=xm2&camp=2025&creative=165953&creativeASIN=B01MUANC80"
            rel="noopener noreferrer"
            target="_blank"
            title="LEGO Ideas NASA Apollo Saturn V 21309 Building Kit"
          >
            LEGO Ideas NASA Apollo Saturn V 21309 Building Kit
          </a>
        </div>,
        <div
          className="stock"
        >
          1
        </div>,
      ],
      "className": "WatchHeader",
    },
    "ref": null,
    "rendered": Array [
      Object {
        "instance": null,
        "key": null,
        "nodeType": "host",
        "props": Object {
          "children": <a
            href="https://www.amazon.com/LEGO-Ideas-Apollo-Saturn-Building/dp/B01MUANC80?psc=1&SubscriptionId=AKIAJ57KMBTCZPRJ5I5Q&tag=gilmoreg-20&linkCode=xm2&camp=2025&creative=165953&creativeASIN=B01MUANC80"
            rel="noopener noreferrer"
            target="_blank"
            title="LEGO Ideas NASA Apollo Saturn V 21309 Building Kit"
          >
            <img
              alt="LEGO Ideas NASA Apollo Saturn V 21309 Building Kit"
              src="https://images-na.ssl-images-amazon.com/images/I/413yqVUgjcL._SL160_.jpg"
            />
          </a>,
          "className": "thumbnail",
        },
        "ref": null,
        "rendered": Object {
          "instance": null,
          "key": null,
          "nodeType": "host",
          "props": Object {
            "children": <img
              alt="LEGO Ideas NASA Apollo Saturn V 21309 Building Kit"
              src="https://images-na.ssl-images-amazon.com/images/I/413yqVUgjcL._SL160_.jpg"
            />,
            "href": "https://www.amazon.com/LEGO-Ideas-Apollo-Saturn-Building/dp/B01MUANC80?psc=1&SubscriptionId=AKIAJ57KMBTCZPRJ5I5Q&tag=gilmoreg-20&linkCode=xm2&camp=2025&creative=165953&creativeASIN=B01MUANC80",
            "rel": "noopener noreferrer",
            "target": "_blank",
            "title": "LEGO Ideas NASA Apollo Saturn V 21309 Building Kit",
          },
          "ref": null,
          "rendered": Object {
            "instance": null,
            "key": null,
            "nodeType": "host",
            "props": Object {
              "alt": "LEGO Ideas NASA Apollo Saturn V 21309 Building Kit",
              "src": "https://images-na.ssl-images-amazon.com/images/I/413yqVUgjcL._SL160_.jpg",
            },
            "ref": null,
            "rendered": null,
            "type": "img",
          },
          "type": "a",
        },
        "type": "div",
      },
      Object {
        "instance": null,
        "key": null,
        "nodeType": "host",
        "props": Object {
          "children": <a
            href="https://www.amazon.com/LEGO-Ideas-Apollo-Saturn-Building/dp/B01MUANC80?psc=1&SubscriptionId=AKIAJ57KMBTCZPRJ5I5Q&tag=gilmoreg-20&linkCode=xm2&camp=2025&creative=165953&creativeASIN=B01MUANC80"
            rel="noopener noreferrer"
            target="_blank"
            title="LEGO Ideas NASA Apollo Saturn V 21309 Building Kit"
          >
            LEGO Ideas NASA Apollo Saturn V 21309 Building Kit
          </a>,
          "className": "title",
        },
        "ref": null,
        "rendered": Object {
          "instance": null,
          "key": null,
          "nodeType": "host",
          "props": Object {
            "children": "LEGO Ideas NASA Apollo Saturn V 21309 Building Kit",
            "href": "https://www.amazon.com/LEGO-Ideas-Apollo-Saturn-Building/dp/B01MUANC80?psc=1&SubscriptionId=AKIAJ57KMBTCZPRJ5I5Q&tag=gilmoreg-20&linkCode=xm2&camp=2025&creative=165953&creativeASIN=B01MUANC80",
            "rel": "noopener noreferrer",
            "target": "_blank",
            "title": "LEGO Ideas NASA Apollo Saturn V 21309 Building Kit",
          },
          "ref": null,
          "rendered": "LEGO Ideas NASA Apollo Saturn V 21309 Building Kit",
          "type": "a",
        },
        "type": "div",
      },
      Object {
        "instance": null,
        "key": null,
        "nodeType": "host",
        "props": Object {
          "children": "1",
          "className": "stock",
        },
        "ref": null,
        "rendered": "1",
        "type": "div",
      },
    ],
    "type": "div",
  },
  Symbol(enzyme.__nodes__): Array [
    Object {
      "instance": null,
      "key": null,
      "nodeType": "host",
      "props": Object {
        "children": Array [
          <div
            className="thumbnail"
          >
            <a
              href="https://www.amazon.com/LEGO-Ideas-Apollo-Saturn-Building/dp/B01MUANC80?psc=1&SubscriptionId=AKIAJ57KMBTCZPRJ5I5Q&tag=gilmoreg-20&linkCode=xm2&camp=2025&creative=165953&creativeASIN=B01MUANC80"
              rel="noopener noreferrer"
              target="_blank"
              title="LEGO Ideas NASA Apollo Saturn V 21309 Building Kit"
            >
              <img
                alt="LEGO Ideas NASA Apollo Saturn V 21309 Building Kit"
                src="https://images-na.ssl-images-amazon.com/images/I/413yqVUgjcL._SL160_.jpg"
              />
            </a>
          </div>,
          <div
            className="title"
          >
            <a
              href="https://www.amazon.com/LEGO-Ideas-Apollo-Saturn-Building/dp/B01MUANC80?psc=1&SubscriptionId=AKIAJ57KMBTCZPRJ5I5Q&tag=gilmoreg-20&linkCode=xm2&camp=2025&creative=165953&creativeASIN=B01MUANC80"
              rel="noopener noreferrer"
              target="_blank"
              title="LEGO Ideas NASA Apollo Saturn V 21309 Building Kit"
            >
              LEGO Ideas NASA Apollo Saturn V 21309 Building Kit
            </a>
          </div>,
          <div
            className="stock"
          >
            1
          </div>,
        ],
        "className": "WatchHeader",
      },
      "ref": null,
      "rendered": Array [
        Object {
          "instance": null,
          "key": null,
          "nodeType": "host",
          "props": Object {
            "children": <a
              href="https://www.amazon.com/LEGO-Ideas-Apollo-Saturn-Building/dp/B01MUANC80?psc=1&SubscriptionId=AKIAJ57KMBTCZPRJ5I5Q&tag=gilmoreg-20&linkCode=xm2&camp=2025&creative=165953&creativeASIN=B01MUANC80"
              rel="noopener noreferrer"
              target="_blank"
              title="LEGO Ideas NASA Apollo Saturn V 21309 Building Kit"
            >
              <img
                alt="LEGO Ideas NASA Apollo Saturn V 21309 Building Kit"
                src="https://images-na.ssl-images-amazon.com/images/I/413yqVUgjcL._SL160_.jpg"
              />
            </a>,
            "className": "thumbnail",
          },
          "ref": null,
          "rendered": Object {
            "instance": null,
            "key": null,
            "nodeType": "host",
            "props": Object {
              "children": <img
                alt="LEGO Ideas NASA Apollo Saturn V 21309 Building Kit"
                src="https://images-na.ssl-images-amazon.com/images/I/413yqVUgjcL._SL160_.jpg"
              />,
              "href": "https://www.amazon.com/LEGO-Ideas-Apollo-Saturn-Building/dp/B01MUANC80?psc=1&SubscriptionId=AKIAJ57KMBTCZPRJ5I5Q&tag=gilmoreg-20&linkCode=xm2&camp=2025&creative=165953&creativeASIN=B01MUANC80",
              "rel": "noopener noreferrer",
              "target": "_blank",
              "title": "LEGO Ideas NASA Apollo Saturn V 21309 Building Kit",
            },
            "ref": null,
            "rendered": Object {
              "instance": null,
              "key": null,
              "nodeType": "host",
              "props": Object {
                "alt": "LEGO Ideas NASA Apollo Saturn V 21309 Building Kit",
                "src": "https://images-na.ssl-images-amazon.com/images/I/413yqVUgjcL._SL160_.jpg",
              },
              "ref": null,
              "rendered": null,
              "type": "img",
            },
            "type": "a",
          },
          "type": "div",
        },
        Object {
          "instance": null,
          "key": null,
          "nodeType": "host",
          "props": Object {
            "children": <a
              href="https://www.amazon.com/LEGO-Ideas-Apollo-Saturn-Building/dp/B01MUANC80?psc=1&SubscriptionId=AKIAJ57KMBTCZPRJ5I5Q&tag=gilmoreg-20&linkCode=xm2&camp=2025&creative=165953&creativeASIN=B01MUANC80"
              rel="noopener noreferrer"
              target="_blank"
              title="LEGO Ideas NASA Apollo Saturn V 21309 Building Kit"
            >
              LEGO Ideas NASA Apollo Saturn V 21309 Building Kit
            </a>,
            "className": "title",
          },
          "ref": null,
          "rendered": Object {
            "instance": null,
            "key": null,
            "nodeType": "host",
            "props": Object {
              "children": "LEGO Ideas NASA Apollo Saturn V 21309 Building Kit",
              "href": "https://www.amazon.com/LEGO-Ideas-Apollo-Saturn-Building/dp/B01MUANC80?psc=1&SubscriptionId=AKIAJ57KMBTCZPRJ5I5Q&tag=gilmoreg-20&linkCode=xm2&camp=2025&creative=165953&creativeASIN=B01MUANC80",
              "rel": "noopener noreferrer",
              "target": "_blank",
              "title": "LEGO Ideas NASA Apollo Saturn V 21309 Building Kit",
            },
            "ref": null,
            "rendered": "LEGO Ideas NASA Apollo Saturn V 21309 Building Kit",
            "type": "a",
          },
          "type": "div",
        },
        Object {
          "instance": null,
          "key": null,
          "nodeType": "host",
          "props": Object {
            "children": "1",
            "className": "stock",
          },
          "ref": null,
          "rendered": "1",
          "type": "div",
        },
      ],
      "type": "div",
    },
  ],
  Symbol(enzyme.__options__): Object {
    "adapter": ReactSixteenAdapter {
      "options": Object {
        "enableComponentDidUpdateOnSetState": true,
      },
    },
  },
}
`;
